// Jest Snapshot v1, https://goo.gl/fbAQLP

exports[`TextCopyInput renders 1`] = `
<Styled(Base)>
  <Styled(div)>
    <Styled(AutoSelectText)
      innerRef={[Function]}
    >
      Text to Copy
    </Styled(AutoSelectText)>
  </Styled(div)>
  <Clipboard
    errorMessage="Error copying to clipboard"
    hideMessages={false}
    hideUnsupported={true}
    onClick={[Function]}
    successMessage="Copied to clipboard"
    value="Text to Copy"
  >
    <Styled(Button)
      onClick={[Function]}
      size="xsmall"
    >
      <InlineSvg
        size="1.25em"
        src="icon-clipboard"
      />
    </Styled(Button)>
  </Clipboard>
</Styled(Base)>
`;
